
> plottr-backend@0.1.0 test
> jest --runInBand --ci --verbose tests/integration/zones.test.ts

node.exe : ts-jest[ts-jest-transformer] (WARN) Define `ts-jest` config under `globals` is deprecated. Please 
do
At line:1 char:1
+ & "C:\Program Files\nodejs/node.exe" "C:\Program Files\nodejs/node_mo ...
+ ~~~~~~~~~~~~~~~~~~~~~~~~~~~~~~~~~~~~~~~~~~~~~~~~~~~~~~~~~~~~~~~~~~~~~
    + CategoryInfo          : NotSpecified: (ts-jest[ts-jest...ated. Please do:String) [], RemoteException
    + FullyQualifiedErrorId : NativeCommandError
 
transform: {
    <transform_regex>: ['ts-jest', { /* ts-jest config goes here in Jest */ }],
},
See more at https://kulshekhar.github.io/ts-jest/docs/getting-started/presets#advanced
[Jest] DATABASE_URL not set, skipping global setup
  console.log
    [Jest Setup] Mapbox mocked - geocoder disabled for offline tests

      at Object.<anonymous> (tests/setup/jest.mapbox.mock.js:27:9)

  console.log
      ÔÅ¡´©Å  Skipping old pitch templates (deprecated)

      at Object.seed (src/db/seeds/000_templates.ts:6:11)

  console.log
      ÔåÆ No sites found, migrating from venues...

      at Object.seed (src/db/seeds/005_field_layouts.ts:29:13)

  console.log
      Ô£ô Migrated 3 venues to sites

      at Object.seed (src/db/seeds/005_field_layouts.ts:61:13)

  console.log
    ÔåÆ Seeding data for 3 sites...

      at Object.seed (src/db/seeds/005_field_layouts.ts:64:11)

  console.log
      Ô£ô Created 6 layouts

      at Object.seed (src/db/seeds/005_field_layouts.ts:96:11)

  console.log
      Ô£ô Created 18 zones

      at Object.seed (src/db/seeds/005_field_layouts.ts:164:11)

  console.log
      Ô£ô Created 36 assets

      at Object.seed (src/db/seeds/005_field_layouts.ts:216:11)

  console.log
      Ô£ô Created 3 templates

      at Object.seed (src/db/seeds/005_field_layouts.ts:277:11)

  console.log
      Ô£ô Created 3 share links

      at Object.seed (src/db/seeds/005_field_layouts.ts:294:11)

  console.log


      at Object.seed (src/db/seeds/005_field_layouts.ts:297:11)

  console.log
    Ô£à Seed data created successfully:

      at Object.seed (src/db/seeds/005_field_layouts.ts:298:11)

  console.log
       - 3 sites (from migration)

      at Object.seed (src/db/seeds/005_field_layouts.ts:299:11)

  console.log
       - 6 layouts

      at Object.seed (src/db/seeds/005_field_layouts.ts:300:11)

  console.log
       - 18 zones

      at Object.seed (src/db/seeds/005_field_layouts.ts:301:11)

  console.log
       - 36 assets

      at Object.seed (src/db/seeds/005_field_layouts.ts:302:11)

  console.log
       - 3 templates

      at Object.seed (src/db/seeds/005_field_layouts.ts:303:11)

  console.log
       - 3 share links

      at Object.seed (src/db/seeds/005_field_layouts.ts:304:11)

  console.log
    ­ƒº¬ E2E test routes enabled at /api/test

      at Object.<anonymous> (src/routes/index.ts:35:11)

  console.log
    API documentation available at /api/docs

      at createApp (src/app.ts:127:13)

  console.log
    [2025-10-20T20:16:58.253Z] [INFO] Incoming request {
      timestamp: '2025-10-20T20:16:58.253Z',
      level: 'INFO',
      message: 'Incoming request',
      service: 'plottr-api',
      version: '0.1.0',
      environment: 'test',
      requestId: '1760991418253-dcex3ocgk',
      method: 'POST',
      path: '/api/zones',
      ip: '::ffff:127.0.0.1',
      userAgent: undefined,
      userId: undefined,
      query: {}
    }

      at Logger.log (src/lib/logger.ts:92:15)

  console.log
    [2025-10-20T20:16:58.267Z] [INFO] Request completed {
      timestamp: '2025-10-20T20:16:58.267Z',
      level: 'INFO',
      message: 'Request completed',
      service: 'plottr-api',
      version: '0.1.0',
      environment: 'test',
      requestId: '1760991418253-dcex3ocgk',
      method: 'POST',
      path: '/api/zones',
      ip: '::ffff:127.0.0.1',
      userAgent: undefined,
      userId: undefined,
      status: 400,
      duration: 14,
      contentLength: 493
    }

      at Logger.log (src/lib/logger.ts:92:15)

  console.log
    API documentation available at /api/docs

      at createApp (src/app.ts:127:13)

  console.log
    [2025-10-20T20:16:58.279Z] [INFO] Incoming request {
      timestamp: '2025-10-20T20:16:58.279Z',
      level: 'INFO',
      message: 'Incoming request',
      service: 'plottr-api',
      version: '0.1.0',
      environment: 'test',
      requestId: '1760991418279-ronsfw26y',
      method: 'POST',
      path: '/api/zones',
      ip: '::ffff:127.0.0.1',
      userAgent: undefined,
      userId: undefined,
      query: {}
    }

      at Logger.log (src/lib/logger.ts:92:15)

  console.log
    [2025-10-20T20:16:58.281Z] [INFO] Request completed {
      timestamp: '2025-10-20T20:16:58.281Z',
      level: 'INFO',
      message: 'Request completed',
      service: 'plottr-api',
      version: '0.1.0',
      environment: 'test',
      requestId: '1760991418279-ronsfw26y',
      method: 'POST',
      path: '/api/zones',
      ip: '::ffff:127.0.0.1',
      userAgent: undefined,
      userId: undefined,
      status: 400,
      duration: 2,
      contentLength: 521
    }

      at Logger.log (src/lib/logger.ts:92:15)

  console.log
    API documentation available at /api/docs

      at createApp (src/app.ts:127:13)

  console.log
    [2025-10-20T20:16:58.290Z] [INFO] Incoming request {
      timestamp: '2025-10-20T20:16:58.290Z',
      level: 'INFO',
      message: 'Incoming request',
      service: 'plottr-api',
      version: '0.1.0',
      environment: 'test',
      requestId: '1760991418290-z0er1xumx',
      method: 'POST',
      path: '/api/zones',
      ip: '::ffff:127.0.0.1',
      userAgent: undefined,
      userId: undefined,
      query: {}
    }

      at Logger.log (src/lib/logger.ts:92:15)

  console.log
    [2025-10-20T20:16:58.292Z] [INFO] Request completed {
      timestamp: '2025-10-20T20:16:58.292Z',
      level: 'INFO',
      message: 'Request completed',
      service: 'plottr-api',
      version: '0.1.0',
      environment: 'test',
      requestId: '1760991418290-z0er1xumx',
      method: 'POST',
      path: '/api/zones',
      ip: '::ffff:127.0.0.1',
      userAgent: undefined,
      userId: undefined,
      status: 400,
      duration: 2,
      contentLength: 505
    }

      at Logger.log (src/lib/logger.ts:92:15)

  console.log
    API documentation available at /api/docs

      at createApp (src/app.ts:127:13)

  console.log
    [2025-10-20T20:16:58.297Z] [INFO] Incoming request {
      timestamp: '2025-10-20T20:16:58.297Z',
      level: 'INFO',
      message: 'Incoming request',
      service: 'plottr-api',
      version: '0.1.0',
      environment: 'test',
      requestId: '1760991418297-4vy37l4tf',
      method: 'POST',
      path: '/api/zones',
      ip: '::ffff:127.0.0.1',
      userAgent: undefined,
      userId: undefined,
      query: {}
    }

      at Logger.log (src/lib/logger.ts:92:15)

  console.log
    [2025-10-20T20:16:58.299Z] [INFO] Request completed {
      timestamp: '2025-10-20T20:16:58.299Z',
      level: 'INFO',
      message: 'Request completed',
      service: 'plottr-api',
      version: '0.1.0',
      environment: 'test',
      requestId: '1760991418297-4vy37l4tf',
      method: 'POST',
      path: '/api/zones',
      ip: '::ffff:127.0.0.1',
      userAgent: undefined,
      userId: undefined,
      status: 400,
      duration: 2,
      contentLength: 163
    }

      at Logger.log (src/lib/logger.ts:92:15)

  console.log
    API documentation available at /api/docs

      at createApp (src/app.ts:127:13)

  console.log
    [2025-10-20T20:16:58.304Z] [INFO] Incoming request {
      timestamp: '2025-10-20T20:16:58.304Z',
      level: 'INFO',
      message: 'Incoming request',
      service: 'plottr-api',
      version: '0.1.0',
      environment: 'test',
      requestId: '1760991418304-6e56sun5h',
      method: 'GET',
      path: '/api/zones/672',
      ip: '::ffff:127.0.0.1',
      userAgent: undefined,
      userId: undefined,
      query: {}
    }

      at Logger.log (src/lib/logger.ts:92:15)

  console.log
    [2025-10-20T20:16:58.307Z] [INFO] Request completed {
      timestamp: '2025-10-20T20:16:58.307Z',
      level: 'INFO',
      message: 'Request completed',
      service: 'plottr-api',
      version: '0.1.0',
      environment: 'test',
      requestId: '1760991418304-6e56sun5h',
      method: 'GET',
      path: '/api/zones/672',
      ip: '::ffff:127.0.0.1',
      userAgent: undefined,
      userId: undefined,
      status: 200,
      duration: 3,
      contentLength: 428
    }

      at Logger.log (src/lib/logger.ts:92:15)

  console.log
    API documentation available at /api/docs

      at createApp (src/app.ts:127:13)

  console.log
    [2025-10-20T20:16:58.313Z] [INFO] Incoming request {
      timestamp: '2025-10-20T20:16:58.313Z',
      level: 'INFO',
      message: 'Incoming request',
      service: 'plottr-api',
      version: '0.1.0',
      environment: 'test',
      requestId: '1760991418313-qy44excaw',
      method: 'GET',
      path: '/api/zones/99999',
      ip: '::ffff:127.0.0.1',
      userAgent: undefined,
      userId: undefined,
      query: {}
    }

      at Logger.log (src/lib/logger.ts:92:15)

  console.log
    [2025-10-20T20:16:58.316Z] [INFO] Request completed {
      timestamp: '2025-10-20T20:16:58.316Z',
      level: 'INFO',
      message: 'Request completed',
      service: 'plottr-api',
      version: '0.1.0',
      environment: 'test',
      requestId: '1760991418313-qy44excaw',
      method: 'GET',
      path: '/api/zones/99999',
      ip: '::ffff:127.0.0.1',
      userAgent: undefined,
      userId: undefined,
      status: 404,
      duration: 3,
      contentLength: 48
    }

      at Logger.log (src/lib/logger.ts:92:15)

  console.log
    API documentation available at /api/docs

      at createApp (src/app.ts:127:13)

  console.log
    [2025-10-20T20:16:58.320Z] [INFO] Incoming request {
      timestamp: '2025-10-20T20:16:58.320Z',
      level: 'INFO',
      message: 'Incoming request',
      service: 'plottr-api',
      version: '0.1.0',
      environment: 'test',
      requestId: '1760991418320-znlua33w9',
      method: 'PUT',
      path: '/api/zones/672',
      ip: '::ffff:127.0.0.1',
      userAgent: undefined,
      userId: undefined,
      query: {}
    }

      at Logger.log (src/lib/logger.ts:92:15)

  console.log
    [2025-10-20T20:16:58.326Z] [INFO] Request completed {
      timestamp: '2025-10-20T20:16:58.326Z',
      level: 'INFO',
      message: 'Request completed',
      service: 'plottr-api',
      version: '0.1.0',
      environment: 'test',
      requestId: '1760991418320-znlua33w9',
      method: 'PUT',
      path: '/api/zones/672',
      ip: '::ffff:127.0.0.1',
      userAgent: undefined,
      userId: undefined,
      status: 200,
      duration: 6,
      contentLength: 436
    }

      at Logger.log (src/lib/logger.ts:92:15)

  console.log
    API documentation available at /api/docs

      at createApp (src/app.ts:127:13)

  console.log
    [2025-10-20T20:16:58.332Z] [INFO] Incoming request {
      timestamp: '2025-10-20T20:16:58.332Z',
      level: 'INFO',
      message: 'Incoming request',
      service: 'plottr-api',
      version: '0.1.0',
      environment: 'test',
      requestId: '1760991418332-98jsmip81',
      method: 'PUT',
      path: '/api/zones/672',
      ip: '::ffff:127.0.0.1',
      userAgent: undefined,
      userId: undefined,
      query: {}
    }

      at Logger.log (src/lib/logger.ts:92:15)

  console.log
    [2025-10-20T20:16:58.333Z] [INFO] Request completed {
      timestamp: '2025-10-20T20:16:58.333Z',
      level: 'INFO',
      message: 'Request completed',
      service: 'plottr-api',
      version: '0.1.0',
      environment: 'test',
      requestId: '1760991418332-98jsmip81',
      method: 'PUT',
      path: '/api/zones/672',
      ip: '::ffff:127.0.0.1',
      userAgent: undefined,
      userId: undefined,
      status: 400,
      duration: 1,
      contentLength: 85
    }

      at Logger.log (src/lib/logger.ts:92:15)

  console.log
    API documentation available at /api/docs

      at createApp (src/app.ts:127:13)

  console.log
    [2025-10-20T20:16:58.341Z] [INFO] Incoming request {
      timestamp: '2025-10-20T20:16:58.341Z',
      level: 'INFO',
      message: 'Incoming request',
      service: 'plottr-api',
      version: '0.1.0',
      environment: 'test',
      requestId: '1760991418341-lcqh831fv',
      method: 'PUT',
      path: '/api/zones/672',
      ip: '::ffff:127.0.0.1',
      userAgent: undefined,
      userId: undefined,
      query: {}
    }

      at Logger.log (src/lib/logger.ts:92:15)

  console.log
    [2025-10-20T20:16:58.349Z] [ERROR] Request failed {
      timestamp: '2025-10-20T20:16:58.349Z',
      level: 'ERROR',
      message: 'Request failed',
      service: 'plottr-api',
      version: '0.1.0',
      environment: 'test',
      requestId: '1760991418341-lcqh831fv',
      method: 'PUT',
      path: '/api/zones/672',
      ip: '::ffff:127.0.0.1',
      userAgent: undefined,
      userId: undefined,
      status: 500,
      code: '22P02',
      duration: 5,
      errorMessage: 'update "zones" set "version_token" = gen_random_uuid(), "updated_at" = CURRENT_TIMESTAMP, "name" = $1 where "id" = $2 and "version_token" = $3 returning "id" - invalid input syntax for type uuid: "stale-version-token"',
      errorStack: 'error: update "zones" set "version_token" = gen_random_uuid(), "updated_at" = CURRENT_TIMESTAMP, "name" = $1 where "id" = $2 and "version_token" = $3 returning "id" - invalid input syntax for type uuid: "stale-version-token"\n' +
        '    at Parser.parseErrorMessage (C:\\Users\\jhenc\\Plottr\\node_modules\\pg-protocol\\src\\parser.ts:369:69)\n' +
        '    at Parser.handlePacket (C:\\Users\\jhenc\\Plottr\\node_modules\\pg-protocol\\src\\parser.ts:187:21)\n' +
        '    at Parser.parse (C:\\Users\\jhenc\\Plottr\\node_modules\\pg-protocol\\src\\parser.ts:102:30)\n' +
        '    at Socket.<anonymous> (C:\\Users\\jhenc\\Plottr\\node_modules\\pg-protocol\\src\\index.ts:7:48)\n' +
        '    at Socket.emit (node:events:519:28)\n' +
        '    at addChunk (node:internal/streams/readable:561:12)\n' +
        '    at readableAddChunkPushByteMode (node:internal/streams/readable:512:3)\n' +
        '    at Socket.Readable.push (node:internal/streams/readable:392:5)\n' +
        '    at TCP.onStreamRead (node:internal/stream_base_commons:189:23)',
      errorName: 'error'
    }

      at Logger.log (src/lib/logger.ts:92:15)

  console.log
    [2025-10-20T20:16:58.350Z] [ERROR] Unhandled error {
      timestamp: '2025-10-20T20:16:58.350Z',
      level: 'ERROR',
      message: 'Unhandled error',
      service: 'plottr-api',
      version: '0.1.0',
      environment: 'test',
      requestId: '1760991418341-lcqh831fv',
      method: 'PUT',
      path: '/api/zones/672',
      ip: '::ffff:127.0.0.1',
      userAgent: undefined,
      userId: undefined,
      errorCode: '22P02',
      errorMessage: 'update "zones" set "version_token" = gen_random_uuid(), "updated_at" = CURRENT_TIMESTAMP, "name" = $1 where "id" = $2 and "version_token" = $3 returning "id" - invalid input syntax for type uuid: "stale-version-token"',
      errorStack: 'error: update "zones" set "version_token" = gen_random_uuid(), "updated_at" = CURRENT_TIMESTAMP, "name" = $1 where "id" = $2 and "version_token" = $3 returning "id" - invalid input syntax for type uuid: "stale-version-token"\n' +
        '    at Parser.parseErrorMessage (C:\\Users\\jhenc\\Plottr\\node_modules\\pg-protocol\\src\\parser.ts:369:69)\n' +
        '    at Parser.handlePacket (C:\\Users\\jhenc\\Plottr\\node_modules\\pg-protocol\\src\\parser.ts:187:21)\n' +
        '    at Parser.parse (C:\\Users\\jhenc\\Plottr\\node_modules\\pg-protocol\\src\\parser.ts:102:30)\n' +
        '    at Socket.<anonymous> (C:\\Users\\jhenc\\Plottr\\node_modules\\pg-protocol\\src\\index.ts:7:48)\n' +
        '    at Socket.emit (node:events:519:28)\n' +
        '    at addChunk (node:internal/streams/readable:561:12)\n' +
        '    at readableAddChunkPushByteMode (node:internal/streams/readable:512:3)\n' +
        '    at Socket.Readable.push (node:internal/streams/readable:392:5)\n' +
        '    at TCP.onStreamRead (node:internal/stream_base_commons:189:23)',
      errorName: 'error'
    }

      at Logger.log (src/lib/logger.ts:92:15)

  console.log
    [2025-10-20T20:16:58.351Z] [INFO] Request completed {
      timestamp: '2025-10-20T20:16:58.351Z',
      level: 'INFO',
      message: 'Request completed',
      service: 'plottr-api',
      version: '0.1.0',
      environment: 'test',
      requestId: '1760991418341-lcqh831fv',
      method: 'PUT',
      path: '/api/zones/672',
      ip: '::ffff:127.0.0.1',
      userAgent: undefined,
      userId: undefined,
      status: 500,
      duration: 10,
      contentLength: 45
    }

      at Logger.log (src/lib/logger.ts:92:15)

  console.log
    API documentation available at /api/docs

      at createApp (src/app.ts:127:13)

  console.log
    [2025-10-20T20:16:58.359Z] [INFO] Incoming request {
      timestamp: '2025-10-20T20:16:58.359Z',
      level: 'INFO',
      message: 'Incoming request',
      service: 'plottr-api',
      version: '0.1.0',
      environment: 'test',
      requestId: '1760991418359-nux31r1kb',
      method: 'DELETE',
      path: '/api/zones/673',
      ip: '::ffff:127.0.0.1',
      userAgent: undefined,
      userId: undefined,
      query: {}
    }

      at Logger.log (src/lib/logger.ts:92:15)

  console.log
    API documentation available at /api/docs

      at createApp (src/app.ts:127:13)

  console.log
    [2025-10-20T20:16:58.372Z] [INFO] Incoming request {
      timestamp: '2025-10-20T20:16:58.372Z',
      level: 'INFO',
      message: 'Incoming request',
      service: 'plottr-api',
      version: '0.1.0',
      environment: 'test',
      requestId: '1760991418372-re9gfn25l',
      method: 'GET',
      path: '/api/zones',
      ip: '::ffff:127.0.0.1',
      userAgent: undefined,
      userId: undefined,
      query: { layout_id: '196' }
    }

      at Logger.log (src/lib/logger.ts:92:15)

  console.log
    [2025-10-20T20:16:58.378Z] [ERROR] Request failed {
      timestamp: '2025-10-20T20:16:58.378Z',
      level: 'ERROR',
      message: 'Request failed',
      service: 'plottr-api',
      version: '0.1.0',
      environment: 'test',
      requestId: '1760991418372-re9gfn25l',
      method: 'GET',
      path: '/api/zones',
      ip: '::ffff:127.0.0.1',
      userAgent: undefined,
      userId: undefined,
      status: 500,
      code: '[\n' +
        '  {\n' +
        '    "code": "invalid_type",\n' +
        '    "expected": "boolean",\n' +
        '    "received": "undefined",\n' +
        '    "path": [\n' +
        '      "has_more"\n' +
        '    ],\n' +
        '    "message": "Required"\n' +
        '  }\n' +
        ']',
      duration: 5,
      errorMessage: 'VALIDATION_ERROR',
      errorStack: 'Error: VALIDATION_ERROR\n' +
        '    at listZones (C:\\Users\\jhenc\\Plottr\\src\\controllers\\zones.controller.ts:51:13)\n' +
        '    at processTicksAndRejections (node:internal/process/task_queues:105:5)',
      errorName: 'Error'
    }

      at Logger.log (src/lib/logger.ts:92:15)

  console.log
    [2025-10-20T20:16:58.378Z] [WARN] AppError handled {
      timestamp: '2025-10-20T20:16:58.378Z',
      level: 'WARN',
      message: 'VALIDATION_ERROR',
      service: 'plottr-api',
      version: '0.1.0',
      environment: 'test',
      requestId: '1760991418372-re9gfn25l',
      method: 'GET',
      path: '/api/zones',
      ip: '::ffff:127.0.0.1',
      userAgent: undefined,
      userId: undefined,
      code: '[\n' +
        '  {\n' +
        '    "code": "invalid_type",\n' +
        '    "expected": "boolean",\n' +
        '    "received": "undefined",\n' +
        '    "path": [\n' +
        '      "has_more"\n' +
        '    ],\n' +
        '    "message": "Required"\n' +
        '  }\n' +
        ']',
      status: 500
    }

      at Logger.log (src/lib/logger.ts:92:15)

  console.log
    [2025-10-20T20:16:58.379Z] [INFO] Request completed {
      timestamp: '2025-10-20T20:16:58.379Z',
      level: 'INFO',
      message: 'Request completed',
      service: 'plottr-api',
      version: '0.1.0',
      environment: 'test',
      requestId: '1760991418372-re9gfn25l',
      method: 'GET',
      path: '/api/zones',
      ip: '::ffff:127.0.0.1',
      userAgent: undefined,
      userId: undefined,
      status: 500,
      duration: 7,
      contentLength: 239
    }

      at Logger.log (src/lib/logger.ts:92:15)

  console.log
    API documentation available at /api/docs

      at createApp (src/app.ts:127:13)

  console.log
    [2025-10-20T20:16:58.384Z] [INFO] Incoming request {
      timestamp: '2025-10-20T20:16:58.384Z',
      level: 'INFO',
      message: 'Incoming request',
      service: 'plottr-api',
      version: '0.1.0',
      environment: 'test',
      requestId: '1760991418384-4f9fce2nk',
      method: 'GET',
      path: '/api/zones',
      ip: '::ffff:127.0.0.1',
      userAgent: undefined,
      userId: undefined,
      query: { layout_id: '196', limit: '5' }
    }

      at Logger.log (src/lib/logger.ts:92:15)

  console.log
    [2025-10-20T20:16:58.387Z] [ERROR] Request failed {
      timestamp: '2025-10-20T20:16:58.387Z',
      level: 'ERROR',
      message: 'Request failed',
      service: 'plottr-api',
      version: '0.1.0',
      environment: 'test',
      requestId: '1760991418384-4f9fce2nk',
      method: 'GET',
      path: '/api/zones',
      ip: '::ffff:127.0.0.1',
      userAgent: undefined,
      userId: undefined,
      status: 500,
      code: '[\n' +
        '  {\n' +
        '    "code": "invalid_type",\n' +
        '    "expected": "boolean",\n' +
        '    "received": "undefined",\n' +
        '    "path": [\n' +
        '      "has_more"\n' +
        '    ],\n' +
        '    "message": "Required"\n' +
        '  }\n' +
        ']',
      duration: 3,
      errorMessage: 'VALIDATION_ERROR',
      errorStack: 'Error: VALIDATION_ERROR\n' +
        '    at listZones (C:\\Users\\jhenc\\Plottr\\src\\controllers\\zones.controller.ts:51:13)\n' +
        '    at processTicksAndRejections (node:internal/process/task_queues:105:5)',
      errorName: 'Error'
    }

      at Logger.log (src/lib/logger.ts:92:15)

  console.log
    [2025-10-20T20:16:58.388Z] [WARN] AppError handled {
      timestamp: '2025-10-20T20:16:58.388Z',
      level: 'WARN',
      message: 'VALIDATION_ERROR',
      service: 'plottr-api',
      version: '0.1.0',
      environment: 'test',
      requestId: '1760991418384-4f9fce2nk',
      method: 'GET',
      path: '/api/zones',
      ip: '::ffff:127.0.0.1',
      userAgent: undefined,
      userId: undefined,
      code: '[\n' +
        '  {\n' +
        '    "code": "invalid_type",\n' +
        '    "expected": "boolean",\n' +
        '    "received": "undefined",\n' +
        '    "path": [\n' +
        '      "has_more"\n' +
        '    ],\n' +
        '    "message": "Required"\n' +
        '  }\n' +
        ']',
      status: 500
    }

      at Logger.log (src/lib/logger.ts:92:15)

  console.log
    [2025-10-20T20:16:58.388Z] [INFO] Request completed {
      timestamp: '2025-10-20T20:16:58.388Z',
      level: 'INFO',
      message: 'Request completed',
      service: 'plottr-api',
      version: '0.1.0',
      environment: 'test',
      requestId: '1760991418384-4f9fce2nk',
      method: 'GET',
      path: '/api/zones',
      ip: '::ffff:127.0.0.1',
      userAgent: undefined,
      userId: undefined,
      status: 500,
      duration: 4,
      contentLength: 239
    }

      at Logger.log (src/lib/logger.ts:92:15)

  console.log
    API documentation available at /api/docs

      at createApp (src/app.ts:127:13)

  console.log
    [2025-10-20T20:16:58.393Z] [INFO] Incoming request {
      timestamp: '2025-10-20T20:16:58.393Z',
      level: 'INFO',
      message: 'Incoming request',
      service: 'plottr-api',
      version: '0.1.0',
      environment: 'test',
      requestId: '1760991418393-io1515h0h',
      method: 'GET',
      path: '/api/zones',
      ip: '::ffff:127.0.0.1',
      userAgent: undefined,
      userId: undefined,
      query: { layout_id: '196' }
    }

      at Logger.log (src/lib/logger.ts:92:15)

  console.log
    [2025-10-20T20:16:58.395Z] [ERROR] Request failed {
      timestamp: '2025-10-20T20:16:58.395Z',
      level: 'ERROR',
      message: 'Request failed',
      service: 'plottr-api',
      version: '0.1.0',
      environment: 'test',
      requestId: '1760991418393-io1515h0h',
      method: 'GET',
      path: '/api/zones',
      ip: '::ffff:127.0.0.1',
      userAgent: undefined,
      userId: undefined,
      status: 500,
      code: '[\n' +
        '  {\n' +
        '    "code": "invalid_type",\n' +
        '    "expected": "boolean",\n' +
        '    "received": "undefined",\n' +
        '    "path": [\n' +
        '      "has_more"\n' +
        '    ],\n' +
        '    "message": "Required"\n' +
        '  }\n' +
        ']',
      duration: 2,
      errorMessage: 'VALIDATION_ERROR',
      errorStack: 'Error: VALIDATION_ERROR\n' +
        '    at listZones (C:\\Users\\jhenc\\Plottr\\src\\controllers\\zones.controller.ts:51:13)\n' +
        '    at processTicksAndRejections (node:internal/process/task_queues:105:5)',
      errorName: 'Error'
    }

      at Logger.log (src/lib/logger.ts:92:15)

  console.log
    [2025-10-20T20:16:58.396Z] [WARN] AppError handled {
      timestamp: '2025-10-20T20:16:58.396Z',
      level: 'WARN',
      message: 'VALIDATION_ERROR',
      service: 'plottr-api',
      version: '0.1.0',
      environment: 'test',
      requestId: '1760991418393-io1515h0h',
      method: 'GET',
      path: '/api/zones',
      ip: '::ffff:127.0.0.1',
      userAgent: undefined,
      userId: undefined,
      code: '[\n' +
        '  {\n' +
        '    "code": "invalid_type",\n' +
        '    "expected": "boolean",\n' +
        '    "received": "undefined",\n' +
        '    "path": [\n' +
        '      "has_more"\n' +
        '    ],\n' +
        '    "message": "Required"\n' +
        '  }\n' +
        ']',
      status: 500
    }

      at Logger.log (src/lib/logger.ts:92:15)

  console.log
    [2025-10-20T20:16:58.397Z] [INFO] Request completed {
      timestamp: '2025-10-20T20:16:58.397Z',
      level: 'INFO',
      message: 'Request completed',
      service: 'plottr-api',
      version: '0.1.0',
      environment: 'test',
      requestId: '1760991418393-io1515h0h',
      method: 'GET',
      path: '/api/zones',
      ip: '::ffff:127.0.0.1',
      userAgent: undefined,
      userId: undefined,
      status: 500,
      duration: 4,
      contentLength: 239
    }

      at Logger.log (src/lib/logger.ts:92:15)

  console.log
    API documentation available at /api/docs

      at createApp (src/app.ts:127:13)

  console.log
    [2025-10-20T20:16:58.404Z] [INFO] Incoming request {
      timestamp: '2025-10-20T20:16:58.404Z',
      level: 'INFO',
      message: 'Incoming request',
      service: 'plottr-api',
      version: '0.1.0',
      environment: 'test',
      requestId: '1760991418404-r57dt2l8a',
      method: 'GET',
      path: '/api/zones',
      ip: '::ffff:127.0.0.1',
      userAgent: undefined,
      userId: undefined,
      query: { layout_id: '196', zone_type: 'vendor' }
    }

      at Logger.log (src/lib/logger.ts:92:15)

  console.log
    [2025-10-20T20:16:58.407Z] [ERROR] Request failed {
      timestamp: '2025-10-20T20:16:58.407Z',
      level: 'ERROR',
      message: 'Request failed',
      service: 'plottr-api',
      version: '0.1.0',
      environment: 'test',
      requestId: '1760991418404-r57dt2l8a',
      method: 'GET',
      path: '/api/zones',
      ip: '::ffff:127.0.0.1',
      userAgent: undefined,
      userId: undefined,
      status: 500,
      code: '[\n' +
        '  {\n' +
        '    "code": "invalid_type",\n' +
        '    "expected": "boolean",\n' +
        '    "received": "undefined",\n' +
        '    "path": [\n' +
        '      "has_more"\n' +
        '    ],\n' +
        '    "message": "Required"\n' +
        '  }\n' +
        ']',
      duration: 3,
      errorMessage: 'VALIDATION_ERROR',
      errorStack: 'Error: VALIDATION_ERROR\n' +
        '    at listZones (C:\\Users\\jhenc\\Plottr\\src\\controllers\\zones.controller.ts:51:13)\n' +
        '    at processTicksAndRejections (node:internal/process/task_queues:105:5)',
      errorName: 'Error'
    }

      at Logger.log (src/lib/logger.ts:92:15)

  console.log
    [2025-10-20T20:16:58.408Z] [WARN] AppError handled {
      timestamp: '2025-10-20T20:16:58.408Z',
      level: 'WARN',
      message: 'VALIDATION_ERROR',
      service: 'plottr-api',
      version: '0.1.0',
      environment: 'test',
      requestId: '1760991418404-r57dt2l8a',
      method: 'GET',
      path: '/api/zones',
      ip: '::ffff:127.0.0.1',
      userAgent: undefined,
      userId: undefined,
      code: '[\n' +
        '  {\n' +
        '    "code": "invalid_type",\n' +
        '    "expected": "boolean",\n' +
        '    "received": "undefined",\n' +
        '    "path": [\n' +
        '      "has_more"\n' +
        '    ],\n' +
        '    "message": "Required"\n' +
        '  }\n' +
        ']',
      status: 500
    }

      at Logger.log (src/lib/logger.ts:92:15)

  console.log
    [2025-10-20T20:16:58.408Z] [INFO] Request completed {
      timestamp: '2025-10-20T20:16:58.408Z',
      level: 'INFO',
      message: 'Request completed',
      service: 'plottr-api',
      version: '0.1.0',
      environment: 'test',
      requestId: '1760991418404-r57dt2l8a',
      method: 'GET',
      path: '/api/zones',
      ip: '::ffff:127.0.0.1',
      userAgent: undefined,
      userId: undefined,
      status: 500,
      duration: 4,
      contentLength: 239
    }

      at Logger.log (src/lib/logger.ts:92:15)

  console.log
    API documentation available at /api/docs

      at createApp (src/app.ts:127:13)

  console.log
    [2025-10-20T20:16:58.413Z] [INFO] Incoming request {
      timestamp: '2025-10-20T20:16:58.413Z',
      level: 'INFO',
      message: 'Incoming request',
      service: 'plottr-api',
      version: '0.1.0',
      environment: 'test',
      requestId: '1760991418413-9m0frcjkc',
      method: 'GET',
      path: '/api/zones',
      ip: '::ffff:127.0.0.1',
      userAgent: undefined,
      userId: undefined,
      query: { layout_id: '196', limit: '3' }
    }

      at Logger.log (src/lib/logger.ts:92:15)

  console.log
    [2025-10-20T20:16:58.415Z] [ERROR] Request failed {
      timestamp: '2025-10-20T20:16:58.415Z',
      level: 'ERROR',
      message: 'Request failed',
      service: 'plottr-api',
      version: '0.1.0',
      environment: 'test',
      requestId: '1760991418413-9m0frcjkc',
      method: 'GET',
      path: '/api/zones',
      ip: '::ffff:127.0.0.1',
      userAgent: undefined,
      userId: undefined,
      status: 500,
      code: '[\n' +
        '  {\n' +
        '    "code": "invalid_type",\n' +
        '    "expected": "boolean",\n' +
        '    "received": "undefined",\n' +
        '    "path": [\n' +
        '      "has_more"\n' +
        '    ],\n' +
        '    "message": "Required"\n' +
        '  }\n' +
        ']',
      duration: 2,
      errorMessage: 'VALIDATION_ERROR',
      errorStack: 'Error: VALIDATION_ERROR\n' +
        '    at listZones (C:\\Users\\jhenc\\Plottr\\src\\controllers\\zones.controller.ts:51:13)\n' +
        '    at processTicksAndRejections (node:internal/process/task_queues:105:5)',
      errorName: 'Error'
    }

      at Logger.log (src/lib/logger.ts:92:15)

  console.log
    [2025-10-20T20:16:58.416Z] [WARN] AppError handled {
      timestamp: '2025-10-20T20:16:58.416Z',
      level: 'WARN',
      message: 'VALIDATION_ERROR',
      service: 'plottr-api',
      version: '0.1.0',
      environment: 'test',
      requestId: '1760991418413-9m0frcjkc',
      method: 'GET',
      path: '/api/zones',
      ip: '::ffff:127.0.0.1',
      userAgent: undefined,
      userId: undefined,
      code: '[\n' +
        '  {\n' +
        '    "code": "invalid_type",\n' +
        '    "expected": "boolean",\n' +
        '    "received": "undefined",\n' +
        '    "path": [\n' +
        '      "has_more"\n' +
        '    ],\n' +
        '    "message": "Required"\n' +
        '  }\n' +
        ']',
      status: 500
    }

      at Logger.log (src/lib/logger.ts:92:15)

  console.log
    [2025-10-20T20:16:58.417Z] [INFO] Request completed {
      timestamp: '2025-10-20T20:16:58.417Z',
      level: 'INFO',
      message: 'Request completed',
      service: 'plottr-api',
      version: '0.1.0',
      environment: 'test',
      requestId: '1760991418413-9m0frcjkc',
      method: 'GET',
      path: '/api/zones',
      ip: '::ffff:127.0.0.1',
      userAgent: undefined,
      userId: undefined,
      status: 500,
      duration: 4,
      contentLength: 239
    }

      at Logger.log (src/lib/logger.ts:92:15)

  console.log
    API documentation available at /api/docs

      at createApp (src/app.ts:127:13)

  console.log
    [2025-10-20T20:16:58.421Z] [INFO] Incoming request {
      timestamp: '2025-10-20T20:16:58.421Z',
      level: 'INFO',
      message: 'Incoming request',
      service: 'plottr-api',
      version: '0.1.0',
      environment: 'test',
      requestId: '1760991418421-xzic7fqrq',
      method: 'POST',
      path: '/api/zones',
      ip: '::ffff:127.0.0.1',
      userAgent: undefined,
      userId: undefined,
      query: {}
    }

      at Logger.log (src/lib/logger.ts:92:15)

  console.log
    [2025-10-20T20:16:58.422Z] [INFO] Request completed {
      timestamp: '2025-10-20T20:16:58.422Z',
      level: 'INFO',
      message: 'Request completed',
      service: 'plottr-api',
      version: '0.1.0',
      environment: 'test',
      requestId: '1760991418421-xzic7fqrq',
      method: 'POST',
      path: '/api/zones',
      ip: '::ffff:127.0.0.1',
      userAgent: undefined,
      userId: undefined,
      status: 400,
      duration: 1,
      contentLength: 155
    }

      at Logger.log (src/lib/logger.ts:92:15)

  console.log
    API documentation available at /api/docs

      at createApp (src/app.ts:127:13)

  console.log
    [2025-10-20T20:16:58.427Z] [INFO] Incoming request {
      timestamp: '2025-10-20T20:16:58.427Z',
      level: 'INFO',
      message: 'Incoming request',
      service: 'plottr-api',
      version: '0.1.0',
      environment: 'test',
      requestId: '1760991418427-wo3neonvj',
      method: 'POST',
      path: '/api/zones',
      ip: '::ffff:127.0.0.1',
      userAgent: undefined,
      userId: undefined,
      query: {}
    }

      at Logger.log (src/lib/logger.ts:92:15)

  console.log
    [2025-10-20T20:16:58.429Z] [INFO] Request completed {
      timestamp: '2025-10-20T20:16:58.429Z',
      level: 'INFO',
      message: 'Request completed',
      service: 'plottr-api',
      version: '0.1.0',
      environment: 'test',
      requestId: '1760991418427-wo3neonvj',
      method: 'POST',
      path: '/api/zones',
      ip: '::ffff:127.0.0.1',
      userAgent: undefined,
      userId: undefined,
      status: 400,
      duration: 2,
      contentLength: 181
    }

      at Logger.log (src/lib/logger.ts:92:15)

  console.log
    API documentation available at /api/docs

      at createApp (src/app.ts:127:13)

  console.log
    [2025-10-20T20:16:58.433Z] [INFO] Incoming request {
      timestamp: '2025-10-20T20:16:58.433Z',
      level: 'INFO',
      message: 'Incoming request',
      service: 'plottr-api',
      version: '0.1.0',
      environment: 'test',
      requestId: '1760991418433-mx7mzcvuq',
      method: 'POST',
      path: '/api/zones',
      ip: '::ffff:127.0.0.1',
      userAgent: undefined,
      userId: undefined,
      query: {}
    }

      at Logger.log (src/lib/logger.ts:92:15)

  console.log
    [2025-10-20T20:16:58.435Z] [INFO] Request completed {
      timestamp: '2025-10-20T20:16:58.435Z',
      level: 'INFO',
      message: 'Request completed',
      service: 'plottr-api',
      version: '0.1.0',
      environment: 'test',
      requestId: '1760991418433-mx7mzcvuq',
      method: 'POST',
      path: '/api/zones',
      ip: '::ffff:127.0.0.1',
      userAgent: undefined,
      userId: undefined,
      status: 400,
      duration: 2,
      contentLength: 177
    }

      at Logger.log (src/lib/logger.ts:92:15)

  console.log
    API documentation available at /api/docs

      at createApp (src/app.ts:127:13)

  console.log
    [2025-10-20T20:16:58.439Z] [INFO] Incoming request {
      timestamp: '2025-10-20T20:16:58.439Z',
      level: 'INFO',
      message: 'Incoming request',
      service: 'plottr-api',
      version: '0.1.0',
      environment: 'test',
      requestId: '1760991418439-9bdk1bq6t',
      method: 'POST',
      path: '/api/zones',
      ip: '::ffff:127.0.0.1',
      userAgent: undefined,
      userId: undefined,
      query: {}
    }

      at Logger.log (src/lib/logger.ts:92:15)

  console.log
    [2025-10-20T20:16:58.440Z] [INFO] Request completed {
      timestamp: '2025-10-20T20:16:58.440Z',
      level: 'INFO',
      message: 'Request completed',
      service: 'plottr-api',
      version: '0.1.0',
      environment: 'test',
      requestId: '1760991418439-9bdk1bq6t',
      method: 'POST',
      path: '/api/zones',
      ip: '::ffff:127.0.0.1',
      userAgent: undefined,
      userId: undefined,
      status: 400,
      duration: 1,
      contentLength: 231
    }

      at Logger.log (src/lib/logger.ts:92:15)

  console.log
    API documentation available at /api/docs

      at createApp (src/app.ts:127:13)

  console.log
    [2025-10-20T20:16:58.447Z] [INFO] Incoming request {
      timestamp: '2025-10-20T20:16:58.447Z',
      level: 'INFO',
      message: 'Incoming request',
      service: 'plottr-api',
      version: '0.1.0',
      environment: 'test',
      requestId: '1760991418447-v4bv9jckf',
      method: 'POST',
      path: '/api/zones',
      ip: '::ffff:127.0.0.1',
      userAgent: undefined,
      userId: undefined,
      query: {}
    }

      at Logger.log (src/lib/logger.ts:92:15)

  console.log
    [2025-10-20T20:16:58.448Z] [INFO] Request completed {
      timestamp: '2025-10-20T20:16:58.448Z',
      level: 'INFO',
      message: 'Request completed',
      service: 'plottr-api',
      version: '0.1.0',
      environment: 'test',
      requestId: '1760991418447-v4bv9jckf',
      method: 'POST',
      path: '/api/zones',
      ip: '::ffff:127.0.0.1',
      userAgent: undefined,
      userId: undefined,
      status: 400,
      duration: 1,
      contentLength: 503
    }

      at Logger.log (src/lib/logger.ts:92:15)

  console.log
    API documentation available at /api/docs

      at createApp (src/app.ts:127:13)

  console.log
    [2025-10-20T20:16:58.453Z] [INFO] Incoming request {
      timestamp: '2025-10-20T20:16:58.453Z',
      level: 'INFO',
      message: 'Incoming request',
      service: 'plottr-api',
      version: '0.1.0',
      environment: 'test',
      requestId: '1760991418453-kkywb0xd6',
      method: 'POST',
      path: '/api/zones',
      ip: '::ffff:127.0.0.1',
      userAgent: undefined,
      userId: undefined,
      query: {}
    }

      at Logger.log (src/lib/logger.ts:92:15)

  console.log
    [2025-10-20T20:16:58.457Z] [ERROR] Request failed {
      timestamp: '2025-10-20T20:16:58.457Z',
      level: 'ERROR',
      message: 'Request failed',
      service: 'plottr-api',
      version: '0.1.0',
      environment: 'test',
      requestId: '1760991418453-kkywb0xd6',
      method: 'POST',
      path: '/api/zones',
      ip: '::ffff:127.0.0.1',
      userAgent: undefined,
      userId: undefined,
      status: 400,
      code: 'INVALID_WINDING',
      duration: 3,
      errorMessage: 'Polygon exterior ring must be counter-clockwise (RFC 7946). Ring is currently clockwise.',
      errorStack: 'Error: Polygon exterior ring must be counter-clockwise (RFC 7946). Ring is currently clockwise.\n' +
        '    at ZonesService.create (C:\\Users\\jhenc\\Plottr\\src\\services\\zones.service.ts:75:13)\n' +
        '    at processTicksAndRejections (node:internal/process/task_queues:105:5)\n' +
        '    at createZone (C:\\Users\\jhenc\\Plottr\\src\\controllers\\zones.controller.ts:118:21)',
      errorName: 'Error'
    }

      at Logger.log (src/lib/logger.ts:92:15)

  console.log
    [2025-10-20T20:16:58.458Z] [WARN] AppError handled {
      timestamp: '2025-10-20T20:16:58.458Z',
      level: 'WARN',
      message: 'Polygon exterior ring must be counter-clockwise (RFC 7946). Ring is currently clockwise.',
      service: 'plottr-api',
      version: '0.1.0',
      environment: 'test',
      requestId: '1760991418453-kkywb0xd6',
      method: 'POST',
      path: '/api/zones',
      ip: '::ffff:127.0.0.1',
      userAgent: undefined,
      userId: undefined,
      code: 'INVALID_WINDING',
      status: 400
    }

      at Logger.log (src/lib/logger.ts:92:15)

  console.log
    [2025-10-20T20:16:58.458Z] [INFO] Request completed {
      timestamp: '2025-10-20T20:16:58.458Z',
      level: 'INFO',
      message: 'Request completed',
      service: 'plottr-api',
      version: '0.1.0',
      environment: 'test',
      requestId: '1760991418453-kkywb0xd6',
      method: 'POST',
      path: '/api/zones',
      ip: '::ffff:127.0.0.1',
      userAgent: undefined,
      userId: undefined,
      status: 400,
      duration: 5,
      contentLength: 137
    }

      at Logger.log (src/lib/logger.ts:92:15)

  console.log
    API documentation available at /api/docs

      at createApp (src/app.ts:127:13)

  console.log
    [2025-10-20T20:16:58.463Z] [INFO] Incoming request {
      timestamp: '2025-10-20T20:16:58.463Z',
      level: 'INFO',
      message: 'Incoming request',
      service: 'plottr-api',
      version: '0.1.0',
      environment: 'test',
      requestId: '1760991418463-0tmisedb6',
      method: 'POST',
      path: '/api/zones',
      ip: '::ffff:127.0.0.1',
      userAgent: undefined,
      userId: undefined,
      query: {}
    }

      at Logger.log (src/lib/logger.ts:92:15)

  console.log
    [2025-10-20T20:16:58.466Z] [ERROR] Request failed {
      timestamp: '2025-10-20T20:16:58.466Z',
      level: 'ERROR',
      message: 'Request failed',
      service: 'plottr-api',
      version: '0.1.0',
      environment: 'test',
      requestId: '1760991418463-0tmisedb6',
      method: 'POST',
      path: '/api/zones',
      ip: '::ffff:127.0.0.1',
      userAgent: undefined,
      userId: undefined,
      status: 400,
      code: 'INVALID_WINDING',
      duration: 3,
      errorMessage: 'Polygon exterior ring must be counter-clockwise (RFC 7946). Ring is currently clockwise.',
      errorStack: 'Error: Polygon exterior ring must be counter-clockwise (RFC 7946). Ring is currently clockwise.\n' +
        '    at ZonesService.create (C:\\Users\\jhenc\\Plottr\\src\\services\\zones.service.ts:75:13)\n' +
        '    at processTicksAndRejections (node:internal/process/task_queues:105:5)\n' +
        '    at createZone (C:\\Users\\jhenc\\Plottr\\src\\controllers\\zones.controller.ts:118:21)',
      errorName: 'Error'
    }

      at Logger.log (src/lib/logger.ts:92:15)

  console.log
    [2025-10-20T20:16:58.466Z] [WARN] AppError handled {
      timestamp: '2025-10-20T20:16:58.466Z',
      level: 'WARN',
      message: 'Polygon exterior ring must be counter-clockwise (RFC 7946). Ring is currently clockwise.',
      service: 'plottr-api',
      version: '0.1.0',
      environment: 'test',
      requestId: '1760991418463-0tmisedb6',
      method: 'POST',
      path: '/api/zones',
      ip: '::ffff:127.0.0.1',
      userAgent: undefined,
      userId: undefined,
      code: 'INVALID_WINDING',
      status: 400
    }

      at Logger.log (src/lib/logger.ts:92:15)

  console.log
    [2025-10-20T20:16:58.467Z] [INFO] Request completed {
      timestamp: '2025-10-20T20:16:58.467Z',
      level: 'INFO',
      message: 'Request completed',
      service: 'plottr-api',
      version: '0.1.0',
      environment: 'test',
      requestId: '1760991418463-0tmisedb6',
      method: 'POST',
      path: '/api/zones',
      ip: '::ffff:127.0.0.1',
      userAgent: undefined,
      userId: undefined,
      status: 400,
      duration: 4,
      contentLength: 137
    }

      at Logger.log (src/lib/logger.ts:92:15)

  console.log
    API documentation available at /api/docs

      at createApp (src/app.ts:127:13)

  console.log
    [2025-10-20T20:16:58.472Z] [INFO] Incoming request {
      timestamp: '2025-10-20T20:16:58.472Z',
      level: 'INFO',
      message: 'Incoming request',
      service: 'plottr-api',
      version: '0.1.0',
      environment: 'test',
      requestId: '1760991418472-8orjb84w8',
      method: 'POST',
      path: '/api/zones',
      ip: '::ffff:127.0.0.1',
      userAgent: undefined,
      userId: undefined,
      query: {}
    }

      at Logger.log (src/lib/logger.ts:92:15)

  console.log
    [2025-10-20T20:16:58.475Z] [ERROR] Request failed {
      timestamp: '2025-10-20T20:16:58.475Z',
      level: 'ERROR',
      message: 'Request failed',
      service: 'plottr-api',
      version: '0.1.0',
      environment: 'test',
      requestId: '1760991418472-8orjb84w8',
      method: 'POST',
      path: '/api/zones',
      ip: '::ffff:127.0.0.1',
      userAgent: undefined,
      userId: undefined,
      status: 400,
      code: 'INVALID_WINDING',
      duration: 3,
      errorMessage: 'Polygon exterior ring must be counter-clockwise (RFC 7946). Ring is currently clockwise.',
      errorStack: 'Error: Polygon exterior ring must be counter-clockwise (RFC 7946). Ring is currently clockwise.\n' +
        '    at ZonesService.create (C:\\Users\\jhenc\\Plottr\\src\\services\\zones.service.ts:75:13)\n' +
        '    at processTicksAndRejections (node:internal/process/task_queues:105:5)\n' +
        '    at createZone (C:\\Users\\jhenc\\Plottr\\src\\controllers\\zones.controller.ts:118:21)',
      errorName: 'Error'
    }

      at Logger.log (src/lib/logger.ts:92:15)

  console.log
    [2025-10-20T20:16:58.475Z] [WARN] AppError handled {
      timestamp: '2025-10-20T20:16:58.475Z',
      level: 'WARN',
      message: 'Polygon exterior ring must be counter-clockwise (RFC 7946). Ring is currently clockwise.',
      service: 'plottr-api',
      version: '0.1.0',
      environment: 'test',
      requestId: '1760991418472-8orjb84w8',
      method: 'POST',
      path: '/api/zones',
      ip: '::ffff:127.0.0.1',
      userAgent: undefined,
      userId: undefined,
      code: 'INVALID_WINDING',
      status: 400
    }

      at Logger.log (src/lib/logger.ts:92:15)

  console.log
    [2025-10-20T20:16:58.476Z] [INFO] Request completed {
      timestamp: '2025-10-20T20:16:58.476Z',
      level: 'INFO',
      message: 'Request completed',
      service: 'plottr-api',
      version: '0.1.0',
      environment: 'test',
      requestId: '1760991418472-8orjb84w8',
      method: 'POST',
      path: '/api/zones',
      ip: '::ffff:127.0.0.1',
      userAgent: undefined,
      userId: undefined,
      status: 400,
      duration: 4,
      contentLength: 137
    }

      at Logger.log (src/lib/logger.ts:92:15)

  console.log
    API documentation available at /api/docs

      at createApp (src/app.ts:127:13)

  console.log
    [2025-10-20T20:16:58.480Z] [INFO] Incoming request {
      timestamp: '2025-10-20T20:16:58.480Z',
      level: 'INFO',
      message: 'Incoming request',
      service: 'plottr-api',
      version: '0.1.0',
      environment: 'test',
      requestId: '1760991418480-unf6xov8w',
      method: 'POST',
      path: '/api/zones',
      ip: '::ffff:127.0.0.1',
      userAgent: undefined,
      userId: undefined,
      query: {}
    }

      at Logger.log (src/lib/logger.ts:92:15)

  console.log
    [2025-10-20T20:16:58.482Z] [INFO] Request completed {
      timestamp: '2025-10-20T20:16:58.482Z',
      level: 'INFO',
      message: 'Request completed',
      service: 'plottr-api',
      version: '0.1.0',
      environment: 'test',
      requestId: '1760991418480-unf6xov8w',
      method: 'POST',
      path: '/api/zones',
      ip: '::ffff:127.0.0.1',
      userAgent: undefined,
      userId: undefined,
      status: 400,
      duration: 2,
      contentLength: 513
    }

      at Logger.log (src/lib/logger.ts:92:15)

  console.log
    API documentation available at /api/docs

      at createApp (src/app.ts:127:13)

  console.log
    [2025-10-20T20:16:58.486Z] [INFO] Incoming request {
      timestamp: '2025-10-20T20:16:58.486Z',
      level: 'INFO',
      message: 'Incoming request',
      service: 'plottr-api',
      version: '0.1.0',
      environment: 'test',
      requestId: '1760991418486-ocbgxr9pv',
      method: 'GET',
      path: '/api/zones/99999999',
      ip: '::ffff:127.0.0.1',
      userAgent: undefined,
      userId: undefined,
      query: {}
    }

      at Logger.log (src/lib/logger.ts:92:15)

  console.log
    [2025-10-20T20:16:58.488Z] [INFO] Request completed {
      timestamp: '2025-10-20T20:16:58.488Z',
      level: 'INFO',
      message: 'Request completed',
      service: 'plottr-api',
      version: '0.1.0',
      environment: 'test',
      requestId: '1760991418486-ocbgxr9pv',
      method: 'GET',
      path: '/api/zones/99999999',
      ip: '::ffff:127.0.0.1',
      userAgent: undefined,
      userId: undefined,
      status: 404,
      duration: 2,
      contentLength: 48
    }

      at Logger.log (src/lib/logger.ts:92:15)

  console.log
    API documentation available at /api/docs

      at createApp (src/app.ts:127:13)

  console.log
    [2025-10-20T20:16:58.496Z] [INFO] Incoming request {
      timestamp: '2025-10-20T20:16:58.496Z',
      level: 'INFO',
      message: 'Incoming request',
      service: 'plottr-api',
      version: '0.1.0',
      environment: 'test',
      requestId: '1760991418496-jvmsumgdl',
      method: 'POST',
      path: '/api/zones',
      ip: '::ffff:127.0.0.1',
      userAgent: undefined,
      userId: undefined,
      query: {}
    }

      at Logger.log (src/lib/logger.ts:92:15)

  console.log
    [2025-10-20T20:16:58.497Z] [INFO] Request completed {
      timestamp: '2025-10-20T20:16:58.497Z',
      level: 'INFO',
      message: 'Request completed',
      service: 'plottr-api',
      version: '0.1.0',
      environment: 'test',
      requestId: '1760991418496-jvmsumgdl',
      method: 'POST',
      path: '/api/zones',
      ip: '::ffff:127.0.0.1',
      userAgent: undefined,
      userId: undefined,
      status: 400,
      duration: 1,
      contentLength: 144
    }

      at Logger.log (src/lib/logger.ts:92:15)

  console.log
    API documentation available at /api/docs

      at createApp (src/app.ts:127:13)

  console.log
    [2025-10-20T20:16:58.502Z] [INFO] Incoming request {
      timestamp: '2025-10-20T20:16:58.502Z',
      level: 'INFO',
      message: 'Incoming request',
      service: 'plottr-api',
      version: '0.1.0',
      environment: 'test',
      requestId: '1760991418502-bd35b7osf',
      method: 'POST',
      path: '/api/zones',
      ip: '::ffff:127.0.0.1',
      userAgent: undefined,
      userId: undefined,
      query: {}
    }

      at Logger.log (src/lib/logger.ts:92:15)

  console.log
    [2025-10-20T20:16:58.503Z] [INFO] Request completed {
      timestamp: '2025-10-20T20:16:58.503Z',
      level: 'INFO',
      message: 'Request completed',
      service: 'plottr-api',
      version: '0.1.0',
      environment: 'test',
      requestId: '1760991418502-bd35b7osf',
      method: 'POST',
      path: '/api/zones',
      ip: '::ffff:127.0.0.1',
      userAgent: undefined,
      userId: undefined,
      status: 400,
      duration: 1,
      contentLength: 148
    }

      at Logger.log (src/lib/logger.ts:92:15)

  console.log
    API documentation available at /api/docs

      at createApp (src/app.ts:127:13)

  console.log
    [2025-10-20T20:16:58.508Z] [INFO] Incoming request {
      timestamp: '2025-10-20T20:16:58.508Z',
      level: 'INFO',
      message: 'Incoming request',
      service: 'plottr-api',
      version: '0.1.0',
      environment: 'test',
      requestId: '1760991418508-6897sga4u',
      method: 'POST',
      path: '/api/zones',
      ip: '::ffff:127.0.0.1',
      userAgent: undefined,
      userId: undefined,
      query: {}
    }

      at Logger.log (src/lib/logger.ts:92:15)

  console.log
    [2025-10-20T20:16:58.509Z] [INFO] Request completed {
      timestamp: '2025-10-20T20:16:58.509Z',
      level: 'INFO',
      message: 'Request completed',
      service: 'plottr-api',
      version: '0.1.0',
      environment: 'test',
      requestId: '1760991418508-6897sga4u',
      method: 'POST',
      path: '/api/zones',
      ip: '::ffff:127.0.0.1',
      userAgent: undefined,
      userId: undefined,
      status: 400,
      duration: 1,
      contentLength: 163
    }

      at Logger.log (src/lib/logger.ts:92:15)

  console.log
    API documentation available at /api/docs

      at createApp (src/app.ts:127:13)

  console.log
    [2025-10-20T20:16:58.514Z] [INFO] Incoming request {
      timestamp: '2025-10-20T20:16:58.514Z',
      level: 'INFO',
      message: 'Incoming request',
      service: 'plottr-api',
      version: '0.1.0',
      environment: 'test',
      requestId: '1760991418514-61cekduzh',
      method: 'POST',
      path: '/api/zones',
      ip: '::ffff:127.0.0.1',
      userAgent: undefined,
      userId: undefined,
      query: {}
    }

      at Logger.log (src/lib/logger.ts:92:15)

  console.log
    [2025-10-20T20:16:58.516Z] [ERROR] Request failed {
      timestamp: '2025-10-20T20:16:58.516Z',
      level: 'ERROR',
      message: 'Request failed',
      service: 'plottr-api',
      version: '0.1.0',
      environment: 'test',
      requestId: '1760991418514-61cekduzh',
      method: 'POST',
      path: '/api/zones',
      ip: '::ffff:127.0.0.1',
      userAgent: undefined,
      userId: undefined,
      status: 404,
      code: 'LAYOUT_NOT_FOUND',
      duration: 2,
      errorMessage: 'Layout not found',
      errorStack: 'Error: Layout not found\n' +
        '    at ZonesService.validateLayoutAccess (C:\\Users\\jhenc\\Plottr\\src\\services\\zones.service.ts:171:13)\n' +
        '    at processTicksAndRejections (node:internal/process/task_queues:105:5)\n' +
        '    at ZonesService.create (C:\\Users\\jhenc\\Plottr\\src\\services\\zones.service.ts:69:5)\n' +
        '    at createZone (C:\\Users\\jhenc\\Plottr\\src\\controllers\\zones.controller.ts:118:21)',
      errorName: 'Error'
    }

      at Logger.log (src/lib/logger.ts:92:15)

  console.log
    [2025-10-20T20:16:58.517Z] [WARN] AppError handled {
      timestamp: '2025-10-20T20:16:58.517Z',
      level: 'WARN',
      message: 'Layout not found',
      service: 'plottr-api',
      version: '0.1.0',
      environment: 'test',
      requestId: '1760991418514-61cekduzh',
      method: 'POST',
      path: '/api/zones',
      ip: '::ffff:127.0.0.1',
      userAgent: undefined,
      userId: undefined,
      code: 'LAYOUT_NOT_FOUND',
      status: 404
    }

      at Logger.log (src/lib/logger.ts:92:15)

  console.log
    [2025-10-20T20:16:58.518Z] [INFO] Request completed {
      timestamp: '2025-10-20T20:16:58.518Z',
      level: 'INFO',
      message: 'Request completed',
      service: 'plottr-api',
      version: '0.1.0',
      environment: 'test',
      requestId: '1760991418514-61cekduzh',
      method: 'POST',
      path: '/api/zones',
      ip: '::ffff:127.0.0.1',
      userAgent: undefined,
      userId: undefined,
      status: 404,
      duration: 4,
      contentLength: 66
    }

      at Logger.log (src/lib/logger.ts:92:15)

FAIL tests/integration/zones.test.ts
  Zones API Integration Tests
    POST /api/zones
      ├ù creates a new zone with valid data (340 ms)
      ÔêÜ returns 400 when required fields are missing (12 ms)
      ÔêÜ returns 400 when zone_type is invalid (7 ms)
      ÔêÜ returns 400 when color format is invalid (7 ms)
    GET /api/zones/:id
      ÔêÜ retrieves zone by ID (9 ms)
      ÔêÜ returns 404 for non-existent zone ID (7 ms)
    PUT /api/zones/:id
      ÔêÜ updates zone with valid If-Match header (11 ms)
      ÔêÜ returns 400 when If-Match header is missing (6 ms)
      ├ù returns 409 when version token is stale (19 ms)
    DELETE /api/zones/:id
      ÔêÜ deletes zone with valid version token (12 ms)
    GET /api/zones (Pagination)
      ├ù returns zones with pagination structure (13 ms)
      ├ù respects limit parameter (9 ms)
      ├ù filters by layout_id (8 ms)
      ├ù filters by zone_type (12 ms)
      ├ù cursor pagination works correctly (8 ms)
    GeoJSON Polygon Validation
      ÔêÜ rejects polygon that is not closed (6 ms)
      ÔêÜ rejects polygon with invalid structure (6 ms)
      ÔêÜ rejects coordinates outside WGS84 bounds (6 ms)
      ÔêÜ rejects polygon with insufficient points (6 ms)
      ├ù accepts valid complex polygon (8 ms)
    PostGIS Area and Perimeter Calculations
      ├ù computes area_sqm correctly (10 ms)
      ├ù computes perimeter_m correctly (9 ms)
    Zone Type Enum Validation
      ├ù accepts all valid zone types (8 ms)
      ÔêÜ rejects invalid zone type (5 ms)
    Error Handling
      ÔêÜ returns 404 for non-existent zone ID (7 ms)
      ÔêÜ returns 400 for missing required fields (name) (9 ms)
      ÔêÜ returns 400 for missing required fields (boundary) (6 ms)
      ÔêÜ returns 400 for invalid color format (6 ms)
      ├ù returns 400 when layout_id does not exist (8 ms)

  ÔùÅ Zones API Integration Tests ÔÇ║ POST /api/zones ÔÇ║ creates a new zone with valid data

    expected 201 "Created", got 400 "Bad Request"

    [0m [90m 94 |[39m           boundary[33m:[39m validPolygon[33m,[39m
     [90m 95 |[39m         })
    [31m[1m>[22m[39m[90m 96 |[39m         [33m.[39mexpect([35m201[39m)[33m;[39m
     [90m    |[39m          [31m[1m^[22m[39m
     [90m 97 |[39m
     [90m 98 |[39m       
expect(res[33m.[39mbody[33m.[39mdata)[33m.[39mtoHaveProperty([32m'id'[39m)[33m;[39m
     [90m 99 |[39m       expect(res[33m.[39mbody[33m.[39mdata[33m.[39mname)[33m.[39mtoBe([32m'New 
Vendor Zone'[39m)[33m;[39m[0m

      at Object.<anonymous> (tests/integration/zones.test.ts:96:10)
      ----
      at Test._assertStatus (node_modules/supertest/lib/test.js:252:14)
      at node_modules/supertest/lib/test.js:308:13
      at Test._assertFunction (node_modules/supertest/lib/test.js:285:13)
      at Test.assert (node_modules/supertest/lib/test.js:164:23)
      at Server.localAssert (node_modules/supertest/lib/test.js:120:14)

  ÔùÅ Zones API Integration Tests ÔÇ║ PUT /api/zones/:id ÔÇ║ returns 409 when version token is stale

    expected 409 "Conflict", got 500 "Internal Server Error"

    [0m [90m 234 |[39m           name[33m:[39m [32m'Should Fail'[39m[33m,[39m
     [90m 235 |[39m         })
    [31m[1m>[22m[39m[90m 236 |[39m         [33m.[39mexpect([35m409[39m)[33m;[39m
     [90m     |[39m          [31m[1m^[22m[39m
     [90m 237 |[39m
     [90m 238 |[39m       expect(res[33m.[39mbody)[33m.[39mtoHaveProperty([32m'error'[39m)[33m;[39m
     [90m 239 |[39m       expect(res[33m.[39mbody[33m.[39merror[33m.[39mcode)[33m.[39mtoBe([32m'VER
SION_CONFLICT'[39m)[33m;[39m[0m

      at Object.<anonymous> (tests/integration/zones.test.ts:236:10)
      ----
      at Test._assertStatus (node_modules/supertest/lib/test.js:252:14)
      at node_modules/supertest/lib/test.js:308:13
      at Test._assertFunction (node_modules/supertest/lib/test.js:285:13)
      at Test.assert (node_modules/supertest/lib/test.js:164:23)
      at Server.localAssert (node_modules/supertest/lib/test.js:120:14)

  ÔùÅ Zones API Integration Tests ÔÇ║ GET /api/zones (Pagination) ÔÇ║ returns zones with pagination structure

    expected 200 "OK", got 500 "Internal Server Error"

    [0m [90m 295 |[39m       [36mconst[39m res [33m=[39m [36mawait[39m request(app)
     [90m 296 |[39m         [33m.[39m[36mget[39m([32m`/api/zones?layout_id=${testLayoutId}`[39m)
    [31m[1m>[22m[39m[90m 297 |[39m         [33m.[39mexpect([35m200[39m)[33m;[39m
     [90m     |[39m          [31m[1m^[22m[39m
     [90m 298 |[39m
     [90m 299 |[39m       expect(res[33m.[39mbody)[33m.[39mtoHaveProperty([32m'data'[39m)[33m;[39m
     [90m 300 |[39m       expect([33mArray[39m[33m.[39misArray(res[33m.[39mbody[33m.[39mdata))[33m.
[39mtoBe([36mtrue[39m)[33m;[39m[0m

      at Object.<anonymous> (tests/integration/zones.test.ts:297:10)
      ----
      at Test._assertStatus (node_modules/supertest/lib/test.js:252:14)
      at node_modules/supertest/lib/test.js:308:13
      at Test._assertFunction (node_modules/supertest/lib/test.js:285:13)
      at Test.assert (node_modules/supertest/lib/test.js:164:23)
      at Server.localAssert (node_modules/supertest/lib/test.js:120:14)

  ÔùÅ Zones API Integration Tests ÔÇ║ GET /api/zones (Pagination) ÔÇ║ respects limit parameter

    expected 200 "OK", got 500 "Internal Server Error"

    [0m [90m 309 |[39m       [36mconst[39m res [33m=[39m [36mawait[39m request(app)
     [90m 310 |[39m         
[33m.[39m[36mget[39m([32m`/api/zones?layout_id=${testLayoutId}&limit=5`[39m)
    [31m[1m>[22m[39m[90m 311 |[39m         [33m.[39mexpect([35m200[39m)[33m;[39m
     [90m     |[39m          [31m[1m^[22m[39m
     [90m 312 |[39m
     [90m 313 |[39m       expect(res[33m.[39mbody[33m.[39mdata[33m.[39mlength)[33m.[39mtoBeLessThanO
rEqual([35m5[39m)[33m;[39m
     [90m 314 |[39m     })[33m;[39m[0m

      at Object.<anonymous> (tests/integration/zones.test.ts:311:10)
      ----
      at Test._assertStatus (node_modules/supertest/lib/test.js:252:14)
      at node_modules/supertest/lib/test.js:308:13
      at Test._assertFunction (node_modules/supertest/lib/test.js:285:13)
      at Test.assert (node_modules/supertest/lib/test.js:164:23)
      at Server.localAssert (node_modules/supertest/lib/test.js:120:14)

  ÔùÅ Zones API Integration Tests ÔÇ║ GET /api/zones (Pagination) ÔÇ║ filters by layout_id

    expected 200 "OK", got 500 "Internal Server Error"

    [0m [90m 320 |[39m       [36mconst[39m res [33m=[39m [36mawait[39m request(app)
     [90m 321 |[39m         [33m.[39m[36mget[39m([32m`/api/zones?layout_id=${testLayoutId}`[39m)
    [31m[1m>[22m[39m[90m 322 |[39m         [33m.[39mexpect([35m200[39m)[33m;[39m
     [90m     |[39m          [31m[1m^[22m[39m
     [90m 323 |[39m
     [90m 324 |[39m       res[33m.[39mbody[33m.[39mdata[33m.[39mforEach((zone[33m:[39m any) 
[33m=>[39m {
     [90m 325 |[39m         expect(zone[33m.[39mlayout_id)[33m.[39mtoBe(testLayoutId)[33m;[39m[0m

      at Object.<anonymous> (tests/integration/zones.test.ts:322:10)
      ----
      at Test._assertStatus (node_modules/supertest/lib/test.js:252:14)
      at node_modules/supertest/lib/test.js:308:13
      at Test._assertFunction (node_modules/supertest/lib/test.js:285:13)
      at Test.assert (node_modules/supertest/lib/test.js:164:23)
      at Server.localAssert (node_modules/supertest/lib/test.js:120:14)

  ÔùÅ Zones API Integration Tests ÔÇ║ GET /api/zones (Pagination) ÔÇ║ filters by zone_type

    expected 200 "OK", got 500 "Internal Server Error"

    [0m [90m 333 |[39m       [36mconst[39m res [33m=[39m [36mawait[39m request(app)
     [90m 334 |[39m         
[33m.[39m[36mget[39m([32m`/api/zones?layout_id=${testLayoutId}&zone_type=vendor`[39m)
    [31m[1m>[22m[39m[90m 335 |[39m         [33m.[39mexpect([35m200[39m)[33m;[39m
     [90m     |[39m          [31m[1m^[22m[39m
     [90m 336 |[39m
     [90m 337 |[39m       res[33m.[39mbody[33m.[39mdata[33m.[39mforEach((zone[33m:[39m any) 
[33m=>[39m {
     [90m 338 |[39m         
expect(zone[33m.[39mzone_type)[33m.[39mtoBe([32m'vendor'[39m)[33m;[39m[0m

      at Object.<anonymous> (tests/integration/zones.test.ts:335:10)
      ----
      at Test._assertStatus (node_modules/supertest/lib/test.js:252:14)
      at node_modules/supertest/lib/test.js:308:13
      at Test._assertFunction (node_modules/supertest/lib/test.js:285:13)
      at Test.assert (node_modules/supertest/lib/test.js:164:23)
      at Server.localAssert (node_modules/supertest/lib/test.js:120:14)

  ÔùÅ Zones API Integration Tests ÔÇ║ GET /api/zones (Pagination) ÔÇ║ cursor pagination works correctly

    expected 200 "OK", got 500 "Internal Server Error"

    [0m [90m 347 |[39m       [36mconst[39m firstPage [33m=[39m [36mawait[39m request(app)
     [90m 348 |[39m         
[33m.[39m[36mget[39m([32m`/api/zones?layout_id=${testLayoutId}&limit=3`[39m)
    [31m[1m>[22m[39m[90m 349 |[39m         [33m.[39mexpect([35m200[39m)[33m;[39m
     [90m     |[39m          [31m[1m^[22m[39m
     [90m 350 |[39m
     [90m 351 |[39m       
expect(firstPage[33m.[39mbody)[33m.[39mtoHaveProperty([32m'data'[39m)[33m;[39m
     [90m 352 |[39m       
expect(firstPage[33m.[39mbody)[33m.[39mtoHaveProperty([32m'has_more'[39m)[33m;[39m[0m

      at Object.<anonymous> (tests/integration/zones.test.ts:349:10)
      ----
      at Test._assertStatus (node_modules/supertest/lib/test.js:252:14)
      at node_modules/supertest/lib/test.js:308:13
      at Test._assertFunction (node_modules/supertest/lib/test.js:285:13)
      at Test.assert (node_modules/supertest/lib/test.js:164:23)
      at Server.localAssert (node_modules/supertest/lib/test.js:120:14)

  ÔùÅ Zones API Integration Tests ÔÇ║ GeoJSON Polygon Validation ÔÇ║ accepts valid complex polygon

    expected 201 "Created", got 400 "Bad Request"

    [0m [90m 503 |[39m           boundary[33m:[39m complexPolygon[33m,[39m
     [90m 504 |[39m         })
    [31m[1m>[22m[39m[90m 505 |[39m         [33m.[39mexpect([35m201[39m)[33m;[39m
     [90m     |[39m          [31m[1m^[22m[39m
     [90m 506 |[39m
     [90m 507 |[39m       
expect(res[33m.[39mbody[33m.[39mdata)[33m.[39mtoHaveProperty([32m'id'[39m)[33m;[39m
     [90m 508 |[39m       expect(res[33m.[39mbody[33m.[39mdata[33m.[39mboundary[33m.[39mcoordinates[
[35m0[39m][33m.[39mlength)[33m.[39mtoBe([35m7[39m)[33m;[39m [90m// 6 unique + 1 closing[39m[0m

      at Object.<anonymous> (tests/integration/zones.test.ts:505:10)
      ----
      at Test._assertStatus (node_modules/supertest/lib/test.js:252:14)
      at node_modules/supertest/lib/test.js:308:13
      at Test._assertFunction (node_modules/supertest/lib/test.js:285:13)
      at Test.assert (node_modules/supertest/lib/test.js:164:23)
      at Server.localAssert (node_modules/supertest/lib/test.js:120:14)

  ÔùÅ Zones API Integration Tests ÔÇ║ PostGIS Area and Perimeter Calculations ÔÇ║ computes area_sqm correctly

    expected 201 "Created", got 400 "Bad Request"

    [0m [90m 527 |[39m           boundary[33m:[39m validPolygon[33m,[39m
     [90m 528 |[39m         })
    [31m[1m>[22m[39m[90m 529 |[39m         [33m.[39mexpect([35m201[39m)[33m;[39m
     [90m     |[39m          [31m[1m^[22m[39m
     [90m 530 |[39m
     [90m 531 |[39m       
expect(res[33m.[39mbody[33m.[39mdata)[33m.[39mtoHaveProperty([32m'area_sqm'[39m)[33m;[39m
     [90m 532 |[39m       expect([36mtypeof[39m 
res[33m.[39mbody[33m.[39mdata[33m.[39marea_sqm)[33m.[39mtoBe([32m'number'[39m)[33m;[39m[0m

      at Object.<anonymous> (tests/integration/zones.test.ts:529:10)
      ----
      at Test._assertStatus (node_modules/supertest/lib/test.js:252:14)
      at node_modules/supertest/lib/test.js:308:13
      at Test._assertFunction (node_modules/supertest/lib/test.js:285:13)
      at Test.assert (node_modules/supertest/lib/test.js:164:23)
      at Server.localAssert (node_modules/supertest/lib/test.js:120:14)

  ÔùÅ Zones API Integration Tests ÔÇ║ PostGIS Area and Perimeter Calculations ÔÇ║ computes perimeter_m 
correctly

    expected 201 "Created", got 400 "Bad Request"

    [0m [90m 546 |[39m           boundary[33m:[39m validPolygon[33m,[39m
     [90m 547 |[39m         })
    [31m[1m>[22m[39m[90m 548 |[39m         [33m.[39mexpect([35m201[39m)[33m;[39m
     [90m     |[39m          [31m[1m^[22m[39m
     [90m 549 |[39m
     [90m 550 |[39m       
expect(res[33m.[39mbody[33m.[39mdata)[33m.[39mtoHaveProperty([32m'perimeter_m'[39m)[33m;[39m
     [90m 551 |[39m       expect([36mtypeof[39m 
res[33m.[39mbody[33m.[39mdata[33m.[39mperimeter_m)[33m.[39mtoBe([32m'number'[39m)[33m;[39m[0m

      at Object.<anonymous> (tests/integration/zones.test.ts:548:10)
      ----
      at Test._assertStatus (node_modules/supertest/lib/test.js:252:14)
      at node_modules/supertest/lib/test.js:308:13
      at Test._assertFunction (node_modules/supertest/lib/test.js:285:13)
      at Test.assert (node_modules/supertest/lib/test.js:164:23)
      at Server.localAssert (node_modules/supertest/lib/test.js:120:14)

  ÔùÅ Zones API Integration Tests ÔÇ║ Zone Type Enum Validation ÔÇ║ accepts all valid zone types

    expected 201 "Created", got 400 "Bad Request"

    [0m [90m 591 |[39m             boundary[33m:[39m validPolygon[33m,[39m
     [90m 592 |[39m           })
    [31m[1m>[22m[39m[90m 593 |[39m           [33m.[39mexpect([35m201[39m)[33m;[39m
     [90m     |[39m            [31m[1m^[22m[39m
     [90m 594 |[39m
     [90m 595 |[39m         
expect(res[33m.[39mbody[33m.[39mdata[33m.[39mzone_type)[33m.[39mtoBe(zoneType)[33m;[39m
     [90m 596 |[39m       }[0m

      at Object.<anonymous> (tests/integration/zones.test.ts:593:12)
      ----
      at Test._assertStatus (node_modules/supertest/lib/test.js:252:14)
      at node_modules/supertest/lib/test.js:308:13
      at Test._assertFunction (node_modules/supertest/lib/test.js:285:13)
      at Test.assert (node_modules/supertest/lib/test.js:164:23)
      at Server.localAssert (node_modules/supertest/lib/test.js:120:14)

  ÔùÅ Zones API Integration Tests ÔÇ║ Error Handling ÔÇ║ returns 400 when layout_id does not exist

    expected 400 "Bad Request", got 404 "Not Found"

    [0m [90m 695 |[39m           boundary[33m:[39m validPolygon[33m,[39m
     [90m 696 |[39m         })
    [31m[1m>[22m[39m[90m 697 |[39m         [33m.[39mexpect([35m400[39m)[33m;[39m
     [90m     |[39m          [31m[1m^[22m[39m
     [90m 698 |[39m
     [90m 699 |[39m       expect(res[33m.[39mbody)[33m.[39mtoHaveProperty([32m'error'[39m)[33m;[39m
     [90m 700 |[39m     })[33m;[39m[0m

      at Object.<anonymous> (tests/integration/zones.test.ts:697:10)
      ----
      at Test._assertStatus (node_modules/supertest/lib/test.js:252:14)
      at node_modules/supertest/lib/test.js:308:13
      at Test._assertFunction (node_modules/supertest/lib/test.js:285:13)
      at Test.assert (node_modules/supertest/lib/test.js:164:23)
      at Server.localAssert (node_modules/supertest/lib/test.js:120:14)

Test Suites: 1 failed, 1 total
Tests:       12 failed, 17 passed, 29 total
Snapshots:   0 total
Time:        1.322 s, estimated 2 s
Ran all test suites matching /tests\\integration\\zones.test.ts/i.
[Jest Teardown] Knex connection pool closed
[Jest] Global teardown complete
